[INFO] Maveniverse Nisse 0.9.4 loaded
[INFO] Nisse injecting 32 properties into User Properties
[INFO] Scanning for projects...
[WARNING] 
[WARNING] Some problems were encountered while building the effective model for org.apache.tika:tika-parent:pom:4.0.0-SNAPSHOT
[WARNING] 'version' contains an expression but should be a constant. @ org.apache.tika:tika-parent:${revision}, /Users/anasys/Desktop/tika/tika-parent/pom.xml, line 34, column 12
[WARNING] 
[WARNING] Some problems were encountered while building the effective model for org.apache.tika:tika:pom:4.0.0-SNAPSHOT
[WARNING] 'version' contains an expression but should be a constant. @ org.apache.tika:tika-parent:${revision}, /Users/anasys/Desktop/tika/tika-parent/pom.xml, line 34, column 12
[WARNING] 
[WARNING] It is highly recommended to fix these problems because they threaten the stability of your build.
[WARNING] 
[WARNING] For this reason, future Maven versions might no longer support building such malformed projects.
[WARNING] 
[INFO] No need for inlining
[INFO] 
[INFO] ---------------------< org.apache.tika:tika-core >----------------------
[INFO] Building Apache Tika core 4.0.0-SNAPSHOT
[INFO]   from pom.xml
[INFO] -------------------------------[ bundle ]-------------------------------
[INFO] 
[INFO] --- chatunitest:2.1.1:class (default-cli) @ tika-core ---
[INFO] 
========================== Configuration ==========================

[INFO] PluginSign >>>>CHATUNITEST
[INFO]  Multithreading >>>> false
[INFO]  Stop when success >>>> true
[INFO]  No execution >>>> false
[INFO]  Enable Merge >>>> true
[INFO]  --- 
[INFO]  TestOutput Path >>> /Users/anasys/Desktop/tika/ift3913/generated/essai-20261007-131852/raw/tika-parent/tika-core
[INFO]  TmpOutput Path >>> /Users/anasys/Desktop/tika/ift3913/generated/essai-20261007-131852/logs/tika-parent/tika-core
[INFO]  CounterExample Path >>> /Users/anasys/Desktop/tika/tika-core/smartut-tests
[INFO]  Prompt path >>> null
[INFO]  Example path >>> /Users/anasys/Desktop/tika/tika-core/exampleUsage.json
[INFO]  --- 
[INFO]  Model >>> CODE_LLAMA
[INFO]  Url >>> http://127.0.0.1:11434/v1/chat/completions
[INFO]  MaxPromptTokens >>> 10923
[INFO]  MaxResponseTokens >>> 1024
[INFO]  MinErrorTokens >>> 500
[INFO]  MaxThreads >>> 70
[INFO]  TestNumber >>> 1
[INFO]  MaxRounds >>> 3
[INFO]  MinErrorTokens >>> 500
[INFO]  MaxPromptTokens >>> 10923
[INFO]  SleepTime >>> 0
[INFO]  DependencyDepth >>> 1
[INFO]  SampleSize >>> 10
[INFO]  PhaseType >>> CHATUNITEST
[INFO] 
===================================================================

[INFO] 
==========================
[CHATUNITEST] Parsing class info ...
[INFO] 
Parsed classes: 361
Parsed methods: 1617
[INFO] 
==========================
[CHATUNITEST] Parse finished
[INFO] 
==========================
[CHATUNITEST] Generating tests for class < org.apache.tika.io.LookaheadInputStream > ...
[INFO] 
==========================
[CHATUNITEST] Generating test for method < close > number 0...

[INFO] Generating test for method < close > round 0 ...
[INFO] Test for method < close > compilation failed round 0
[INFO] Fixing test for method < close > round 1 ...

Test run finished after 22 ms
[         3 containers found      ]
[         0 containers skipped    ]
[         3 containers started    ]
[         0 containers aborted    ]
[         3 containers successful ]
[         0 containers failed     ]
[         2 tests found           ]
[         0 tests skipped         ]
[         2 tests started         ]
[         0 tests aborted         ]
[         2 tests successful      ]
[         0 tests failed          ]

[INFO] Test for method < close > compile and execute successfully round 1
[INFO] 
==========================
[CHATUNITEST] Completed Method Jobs:   [ 1 /  0]
[INFO] Skip method: fill() in class: org.apache.tika.io.LookaheadInputStream
[INFO] 
==========================
[CHATUNITEST] Generating test for method < read > number 0...

[INFO] Generating test for method < read > round 0 ...
[INFO] Test for method < read > compilation failed round 0
[INFO] Fixing test for method < read > round 1 ...

Test run finished after 4 ms
[         3 containers found      ]
[         0 containers skipped    ]
[         3 containers started    ]
[         0 containers aborted    ]
[         3 containers successful ]
[         0 containers failed     ]
[         4 tests found           ]
[         0 tests skipped         ]
[         4 tests started         ]
[         0 tests aborted         ]
[         4 tests successful      ]
[         0 tests failed          ]

[INFO] Test for method < read > compile and execute successfully round 1
[INFO] 
==========================
[CHATUNITEST] Completed Method Jobs:   [ 2 /  0]
[INFO] 
==========================
[CHATUNITEST] Generating test for method < read > number 0...

[INFO] Generating test for method < read > round 0 ...
[INFO] Processed test for method < read > generated successfully round 0
[INFO] 
==========================
[CHATUNITEST] Completed Method Jobs:   [ 3 /  0]
[INFO] 
==========================
[CHATUNITEST] Generating test for method < skip > number 0...

[INFO] Generating test for method < skip > round 0 ...
[INFO] Test for method < skip > compilation failed round 0
[INFO] Fixing test for method < skip > round 1 ...
[INFO] Test for method < skip > compilation failed round 1
[INFO] Fixing test for method < skip > round 2 ...
[INFO] Test for method < skip > compilation failed round 2
[INFO] 
==========================
[CHATUNITEST] Completed Method Jobs:   [ 4 /  0]
[INFO] 
==========================
[CHATUNITEST] Generating test for method < available > number 0...

[INFO] Generating test for method < available > round 0 ...

Test run finished after 2 ms
[         3 containers found      ]
[         0 containers skipped    ]
[         3 containers started    ]
[         0 containers aborted    ]
[         3 containers successful ]
[         0 containers failed     ]
[         4 tests found           ]
[         0 tests skipped         ]
[         4 tests started         ]
[         0 tests aborted         ]
[         1 tests successful      ]
[         3 tests failed          ]

[INFO] Test for method < available > compile and execute successfully round 0
[INFO] 
==========================
[CHATUNITEST] Completed Method Jobs:   [ 5 /  0]
[INFO] 
==========================
[CHATUNITEST] Generating test for method < markSupported > number 0...

[INFO] Generating test for method < markSupported > round 0 ...
OpenJDK 64-Bit Server VM warning: Sharing is only supported for boot loader classes because bootstrap classpath has been appended

Test run finished after 839 ms
[         3 containers found      ]
[         0 containers skipped    ]
[         3 containers started    ]
[         0 containers aborted    ]
[         3 containers successful ]
[         0 containers failed     ]
[         1 tests found           ]
[         0 tests skipped         ]
[         1 tests started         ]
[         0 tests aborted         ]
[         1 tests successful      ]
[         0 tests failed          ]

[INFO] Test for method < markSupported > compile and execute successfully round 0
[INFO] 
==========================
[CHATUNITEST] Completed Method Jobs:   [ 6 /  0]
[INFO] 
==========================
[CHATUNITEST] Generating test for method < mark > number 0...

[INFO] Generating test for method < mark > round 0 ...
[INFO] Test for method < mark > compilation failed round 0
[INFO] Fixing test for method < mark > round 1 ...
[INFO] Test for method < mark > compilation failed round 1
[INFO] Fixing test for method < mark > round 2 ...
[INFO] Test for method < mark > compilation failed round 2
[INFO] 
==========================
[CHATUNITEST] Completed Method Jobs:   [ 7 /  0]
[INFO] 
==========================
[CHATUNITEST] Generating test for method < reset > number 0...

[INFO] Generating test for method < reset > round 0 ...
[INFO] Test for method < reset > compilation failed round 0
[INFO] Fixing test for method < reset > round 1 ...
[INFO] Test for method < reset > compilation failed round 1
[INFO] Fixing test for method < reset > round 2 ...
[INFO] Test for method < reset > compilation failed round 2
[INFO] 
==========================
[CHATUNITEST] Completed Method Jobs:   [ 8 /  0]
[INFO] Skip method: LookaheadInputStream(InputStream, int) in class: org.apache.tika.io.LookaheadInputStream
[INFO] 
==========================
[CHATUNITEST] Generation finished
[INFO] 
==========================
[CHATUNITEST] Test processed
[INFO] ------------------------------------------------------------------------
[INFO] BUILD SUCCESS
[INFO] ------------------------------------------------------------------------
[INFO] Total time:  12:47 min
[INFO] Finished at: 2026-10-07T13:31:42-04:00
[INFO] ------------------------------------------------------------------------
